<!DOCTYPE html>
<html lang="en">
  <body>
    <p>Start
Filter
Body
End
    </p>
  </body>
</html>