<!DOCTYPE html>
<html lang="en">
  <body>
    <div class="col" id="container">
      <p>You are amazing</p>
    </div>
  </body>
</html>